// Jest Snapshot v1, https://goo.gl/fbAQLP

exports[`Fullweb component renders correctly 1`] = `
<header
  className="headerWebsite"
>
  <h2>
    Math Magicians
  </h2>
  <nav>
    <ul>
      <li>
        <a
          href="/"
          onClick={[Function]}
        >
          Home
        </a>
      </li>
      <li>
        <a
          href="/calculator"
          onClick={[Function]}
        >
          Calculator
        </a>
      </li>
      <li>
        <a
          href="/quote"
          onClick={[Function]}
        >
          Quote
        </a>
      </li>
    </ul>
  </nav>
</header>
`;
