// Jest Snapshot v1, https://goo.gl/fbAQLP

exports[`Quote component renders correctly 1`] = `
<div
  className="quoteWrapper"
>
  Loading...
</div>
`;
